6
99
0
1
2
3
4
7
99
0
1
2
3
101
4
8
99
0
1
2
3
101
4
102
9
99
0
103
1
2
3
101
4
102